  Page 1                                    Thu Jul  3 14:09:50 2025

  ******************************************************************
  *                           E P A N E T                          *
  *                   Hydraulic and Water Quality                  *
  *                   Analysis for Pipe Networks                   *
  *                         Version 2.2                            *
  ******************************************************************
  
  Analysis begun Thu Jul  3 14:09:50 2025

   
  Node Results:
  ----------------------------------------------
                     Demand      Head  Pressure
  Node                 m3/h         m         m
  ----------------------------------------------
  3661                 0.00    428.49     50.35
  482                  0.00    428.32     82.32
  661                  0.00    427.73     97.73
  6610                 0.00    423.25     -0.35
  6611                 0.00    425.65     90.65
  6612                 0.00    425.90     63.53
  6613                 0.00    424.34     69.34
  6615                 0.00    428.28     89.28
  6616                 0.00    427.80     66.80
  6617                 0.00    425.88     82.88
  6618                 0.00    428.03     80.03
  662                  0.00    427.83     99.83
  6620                 0.00    426.66    118.66
  6621                 0.00    427.24     99.24
  6622                 0.00    427.37     90.37
  6623                 0.00    427.51     76.51
  6624                 0.00    427.57     75.57
  6625                 0.00    427.14    115.14
  6626                 0.00    427.33    106.33
  6627                 0.00    427.73    106.73
  6628                 0.00    427.43     88.43
  6629                 0.00    427.43     87.43
  663                  0.00    427.24     86.24
  6630                 0.00    427.48      6.53
  6632                 0.00    427.57     87.57
  6633                 0.00    428.47     65.83
  6634                 0.00    428.54     57.54
  6635                 0.00    428.40     76.40
  6636                 0.00    428.40     72.40
  6637                 0.00    428.32     61.32
  6639                 0.00    425.00     65.00
  664                  0.00    426.84     78.84
  6640                 0.00    424.52     64.52
  6641                 0.00    425.37     66.69
  6642                 0.00    425.27     69.27
  6643                 0.00    426.46     74.46
  6644                 0.00    426.63     74.63
  6645                 0.00    426.71     76.71
  6646                 0.00    426.81     79.79
  6648                 0.00    426.81     80.80
  6649                 0.00    426.37     87.37
  665                  0.00    426.62     81.62
  666                  0.00    427.48     87.48
  6665                 0.00    428.01     62.87
  6666                 0.00    428.20     60.54
  667                  0.00    426.60     74.60
  668                  0.00    427.73     97.73
  669                  0.00    427.43     82.43
  1                   55.00    428.16     98.16
  10                   0.00    426.46     74.46
  100                152.00    425.22     70.22
  100B                67.00    424.19     66.19
  101                161.00    423.62     70.62
  103                 47.00    421.78     82.78
  104                162.00    421.60     82.60
  105                  0.00    424.34     69.34
  106                  0.00    424.34     69.34
  107                  0.00    428.28     89.28
  108                  0.00    428.28     92.72
  109                  0.00    428.28     91.28
  11B                111.00    426.50     83.50
  110                 54.00    427.97     81.97
  111                  0.00    427.80     89.82
  112                  0.00    427.89     85.89
  113                  0.00    427.56    104.56
  114                  0.00    426.94     78.94
  115                 65.00    426.29     80.29
  116                  0.00    426.71     81.71
  117                 81.00    425.77     82.77
  118                 68.00    425.04     86.04
  119                  0.00    425.04    102.23
  12                 147.00    426.05     95.71
  121                 63.00    427.19     77.19
  122                  0.00    426.71     79.71
  123                  0.00    426.71     80.71
  125                  0.00    427.16     76.16
  126                 71.00    427.04     79.04
  127                  0.00    427.04     83.71
  128                  0.00    427.79     65.79
  129                  0.00    427.74     71.74
  130                  0.00    427.73     86.65
  130B                69.00    427.73     74.73
  132                  0.00    427.73     94.73
  134                  0.00    427.73    106.73
  135                  0.00    427.73    111.73
  137                  0.00    427.73    118.73
  139                  0.00    427.73     67.73
  14                  86.00    425.49     87.49
  140                  0.00    427.73     76.73
  141                  0.00    427.73     75.73
  142                  0.00    427.73     66.73
  143                  0.00    427.73     86.76
  144                 92.00    427.75     68.75
  146                  0.00    427.41     81.41
  147                  0.00    427.33    106.33
  148                 47.00    427.39     94.39
  149                  0.00    427.14    113.93
  15                   0.00    425.65     90.65
  150                 97.00    426.92    118.85
  151                  0.00    426.92    121.68
  152                  0.00    426.92    116.90
  153                  0.00    426.92    116.92
  154                  0.00    427.18    102.18
  157                  0.00    426.66    123.66
  158A                61.00    418.50     97.50
  158B                61.00    418.48     97.48
  16B                118.00    425.65     91.65
  160                 69.00    428.30     61.30
  162                  0.00    428.25     60.25
  163                  0.00    428.20     54.20
  164                 61.00    428.08     68.42
  165                  0.00    428.01     66.71
  166                 45.00    428.01     67.00
  167                  0.00    428.01     57.37
  169                 59.00    427.96     61.46
  17A                  0.00    425.65     90.65
  170                103.00    428.35     69.35
  17B                  0.00    425.65     90.65
  171                  0.00    428.40     76.40
  172                  0.00    428.40     88.40
  18B                  0.00    425.65    100.65
  19                   0.00    428.47     70.47
  2                    0.00    427.90    101.90
  20                  74.00    428.49     64.49
  2002                 0.00    427.43     77.43
  2003                 0.00    427.43     77.43
  21                  67.00    428.44     65.71
  22                   0.00    428.44     66.84
  222                 53.00    428.33     78.33
  24                   0.00    428.28     84.28
  25                   0.00    428.18     83.18
  26                   0.00    428.03     80.03
  27                   0.00    428.09     78.09
  28                   0.00    428.02     80.02
  29                  53.00    427.82     71.82
  3                    0.00    427.58     87.23
  30                   0.00    427.80     66.80
  3002                 0.00    428.49     42.49
  3004                 0.00    428.49     42.49
  3005                 0.00    428.49     42.49
  3008                 0.00    428.49     43.49
  3012                 0.00    428.49     57.76
  3013                 0.00    428.49     63.56
  3016                 0.00    428.54     63.54
  3017               137.00    428.68     46.68
  3018                 0.00    428.46     51.46
  3019                 0.00    428.49     59.10
  3020                 0.00    428.49     60.38
  3024                 0.00    428.49     63.55
  31                   0.00    427.65     69.86
  3152                 0.00    428.49     62.29
  32                   0.00    427.71     69.71
  34                  67.00    427.35     76.33
  35                   0.00    427.37     90.37
  36                   0.00    427.24     99.24
  39                   0.00    426.99    113.99
  41                   0.00    426.48    119.48
  46                 184.00    428.46     52.46
  47                   0.00    428.05     69.87
  48                   0.00    428.32     84.32
  49                   0.00    428.32     76.32
  5                    0.00    427.40     80.40
  52                   0.00    428.32     77.32
  53                 153.00    425.00     69.00
  54                   0.00    428.36     83.36
  55                   0.00    428.11     98.11
  56                  51.00    428.09     94.09
  58                   0.00    428.09     95.09
  59                   0.00    428.09     99.09
  6                   60.00    426.42     74.42
  60                   0.00    427.58     82.58
  61                   0.00    427.58     88.58
  62                 114.00    421.55     67.55
  64                   0.00    427.72     96.72
  65                  88.00    427.19     87.19
  66                  82.00    427.57     88.57
  67                 124.00    427.49     95.49
  68                   0.00    427.48     88.48
  69                   0.00    427.48     76.48
  7                   64.00    427.00     74.00
  70                   0.00    427.43     87.43
  71                  75.00    426.04     89.04
  72                 102.00    426.31     70.31
  73                   0.00    426.42     71.42
  77                   0.00    426.31     70.31
  78                   0.00    426.31     86.17
  79                  62.00    426.99     73.99
  8                    0.00    426.71     76.71
  80                  91.00    426.81     77.81
  81                   0.00    426.81     67.81
  82                   0.00    426.81     68.81
  85                   0.00    427.43     88.43
  86                   0.00    427.43     90.43
  87                   0.00    426.06     66.06
  88                   0.00    425.90     72.90
  89                   0.00    425.56     58.56
  90                   0.00    425.27     69.27
  91                   0.00    425.00     53.00
  92                  50.00    423.22     63.22
  91B                195.00    422.86     62.86
  94                   0.00    426.37     87.37
  95                   0.00    425.82     82.82
  97                   0.00    425.45     94.45
  99                 143.00    423.00     73.00
  74                  72.00    424.43     65.72
  1074                 0.00    426.38     68.38
  11A                122.00    425.27     82.27
  1011                 0.00    425.45     82.45
  0                -4555.00    429.00      0.00  Reservoir
   
   
  Link Results:
  ----------------------------------------------
                       Flow  Velocity  Headloss
  Link                 m3/h       m/s    /1000m
  ----------------------------------------------
  TU1                 50.00      0.55      1.55
  TU10                 0.00      0.00      0.00
  TU100              199.00      0.44      0.40
  TU101              281.00      0.40      0.26
  TU102               88.00      1.57     14.12
  TU103              369.00      0.52      0.42
  TU104              369.00      0.52      0.42
  TU105             2126.00      0.93      0.60
  TU106             2126.00      0.93      0.60
  TU107                0.00      0.00      0.00
  TU108             2126.00      0.93      0.60
  TU109             2495.00      1.09      0.80
  TU11               161.00      0.74      1.58
  TU110             2495.00      1.09      0.80
  TU111                0.00      0.00      0.00
  TU112               -0.00      0.00      0.00
  TU113               51.00      0.27      0.28
  TU114               51.00      0.27      0.28
  TU115             2601.00      0.92      0.52
  TU116             2601.00      0.92      0.52
  TU117              153.00      1.65     11.56
  TU118                0.00      0.00      0.00
  TU119             2601.00      0.92      0.52
  TU12               162.00      1.85     14.72
  TU120             2754.00      0.97      0.58
  TU121                0.00      0.00      0.00
  TU122                0.00      0.00      0.00
  TU123               -0.00      0.00      0.00
  TU124                0.00      0.00      0.00
  TU125               -0.00      0.00      0.00
  TU126               -0.00      0.00      0.00
  TU127               -0.00      0.00      0.00
  TU128                0.00      0.00      0.00
  TU129                0.00      0.00      0.00
  TU13               209.00      1.53      7.92
  TU130               -0.00      0.00      0.00
  TU131               45.00      0.20      0.14
  TU132               59.00      0.26      0.23
  TU133              104.00      0.45      0.63
  TU134              195.00      2.11     18.09
  TU135              165.00      0.36      0.28
  TU136              234.00      0.52      0.54
  TU137              234.00      0.33      0.18
  TU138              337.00      0.48      0.35
  TU139              337.00      0.33      0.15
  TU14               456.00      1.01      1.81
  TU140              521.00      0.51      0.32
  TU141              114.00      1.92     19.85
  TU142              216.00      0.58      0.75
  TU143               -0.00      0.00      0.00
  TU144               67.00      0.72      2.56
  TU145              245.00      1.70      9.32
  TU146              312.00      1.36      4.69
  TU147              312.00      0.84      1.47
  TU148               -0.00      0.00      0.00
  TU149              152.00      1.05      3.88
  TU15                -0.00      0.00      0.00
  TU150              152.00      1.05      3.87
  TU151              464.00      0.66      0.63
  TU152              143.00      1.63     11.70
  TU15301            679.00      0.96      1.27
  TU15302            607.00      0.86      1.04
  TU1074              72.00      0.95      4.69
  TU154              679.00      0.67      0.53
  TU155                0.00      0.00      0.00
  TU156              679.00      0.67      0.53
  TU157              895.00      0.88      0.87
  TU158               60.00      1.07      7.01
  TU159              955.00      0.94      0.98
  TU16              4555.00      0.82      0.28
  TU160                0.00      0.00      0.00
  TU161              955.00      0.94      0.98
  TU162             1171.00      0.85      0.68
  TU163             1045.00      0.75      0.55
  TU164             1107.00      0.80      0.61
  TU166               -0.00      0.00      0.00
  TU167               -0.00      0.00      0.00
  TU168                0.00      0.00      0.00
  TU169                0.00      0.00      0.00
  TU17                -0.00      0.00      0.00
  TU170               91.00      0.42      0.56
  TU171              954.00      0.69      0.46
  TU17201            122.00      1.60     12.32
  TU17202              0.00      0.00      0.00
  TU1011A            122.00      1.60     12.33
  TU173              122.00      0.89      2.96
  TU174               -0.00      0.00      0.00
  TU175              122.00      0.56      0.95
  TU176              721.00      0.71      0.59
  TU177              832.00      0.82      0.76
  TU178              574.00      0.56      0.39
  TU179                0.00      0.00      0.00
  TU18                 0.00      0.00      0.00
  TU180                0.00      0.00      0.00
  TU181                0.00      0.00      0.00
  TU182                0.00      0.00      0.00
  TU183                0.00      0.00      0.00
  TU184                0.00      0.00      0.00
  TU185              348.00      0.77      1.10
  TU186              165.00      0.45      0.46
  TU187              165.00      0.36      0.28
  TU188              949.00      0.68      0.46
  TU189              949.00      0.68      0.46
  TU19                 0.00      0.00      0.00
  TU190               -0.00      0.00      0.00
  TU191                0.00      0.00      0.00
  TU192                0.00      0.00      0.00
  TU193                0.00      0.00      0.00
  TU194               -0.00      0.00      0.00
  TU195                0.00      0.00      0.00
  TU196                0.00      0.00      0.00
  TU197               -0.00      0.00      0.00
  TU198                0.00      0.00      0.00
  TU199                0.00      0.00      0.00
  TU2                  0.00      0.00      0.00
  TU20                 0.00      0.00      0.00
  TU200               -0.00      0.00      0.00
  TU201                0.00      0.00      0.00
  TU203                0.00      0.00      0.00
  TU204             1143.00      0.50      0.19
  TU205             1143.00      0.50      0.19
  TU21                -0.00      0.00      0.00
  TU22               949.00      0.52      0.24
  TU23              1002.00      0.55      0.27
  TU24              1002.00      0.55      0.27
  TU25              1069.00      0.59      0.30
  TU26               494.00      0.49      0.29
  TU27               494.00      0.49      0.29
  TU28               547.00      0.54      0.35
  TU29               547.00      0.54      0.35
  TU3                  0.00      0.00      0.00
  TU30                 0.00      0.00      0.00
  TU31                68.00      0.78      3.01
  TU32                81.00      0.92      4.13
  TU33               149.00      0.68      1.37
  TU34               214.00      0.98      2.65
  TU35                 0.00      0.00      0.00
  TU36                 0.00      0.00      0.00
  TU37               214.00      0.61      0.83
  TU38               214.00      0.61      0.83
  TU39                -0.00      0.00      0.00
  TU4                607.00      0.86      1.04
  TU40                71.00      0.52      1.11
  TU41               285.00      0.63      0.77
  TU42                 0.00      0.00      0.00
  TU43               348.00      0.49      0.38
  TU44               348.00      0.49      0.38
  TU45               402.00      0.57      0.49
  TU46               402.00      0.57      0.49
  TU47                -0.00      0.00      0.00
  TU48               122.00      1.60     12.33
  TU49               122.00      1.03      4.16
  TU5                607.00      0.86      1.04
  TU50                 0.00      0.00      0.00
  TU51               122.00      0.65      1.37
  TU52               122.00      0.40      0.44
  TU53               122.00      0.40      0.44
  TU54                 0.00      0.00      0.00
  TU55               122.00      0.40      0.44
  TU56                 0.00      0.00      0.00
  TU57               122.00      0.35      0.30
  TU58                67.00      1.19      8.57
  TU59               189.00      0.54      0.67
  TU6                348.00      0.49      0.38
  TU60                 0.00      0.00      0.00
  TU61                 0.00      0.00      0.00
  TU62                97.00      0.52      0.90
  TU63                 0.00      0.00      0.00
  TU64                97.00      0.52      0.90
  TU65                 0.00      0.00      0.00
  TU66                97.00      0.32      0.29
  TU67               144.00      0.41      0.41
  TU68               144.00      0.41      0.41
  TU69               333.00      0.47      0.35
  TU7                  0.00      0.00      0.00
  TU70               333.00      0.47      0.35
  TU71               333.00      0.47      0.35
  TU72                 0.00      0.00      0.00
  TU73                 0.00      0.00      0.00
  TU74                69.00      0.15      0.06
  TU75                69.00      0.15      0.06
  TU76               161.00      0.36      0.27
  TU77               161.00      0.36      0.27
  TU78                 0.00      0.00      0.00
  TU79                 0.00      0.00      0.00
  TU8                161.00      1.74     12.70
  TU80                 0.00      0.00      0.00
  TU81                 0.00      0.00      0.00
  TU82                 0.00      0.00      0.00
  TU83                 0.00      0.00      0.00
  TU84                 0.00      0.00      0.00
  TU85                 0.00      0.00      0.00
  TU86                 0.00      0.00      0.00
  TU87                 0.00      0.00      0.00
  TU88                 0.00      0.00      0.00
  TU89                 0.00      0.00      0.00
  TU9                  0.00      0.00      0.00
  TU90                 0.00      0.00      0.00
  TU91                -0.00      0.00      0.00
  TU92                 0.00      0.00      0.00
  TU93                 0.00      0.00      0.00
  TU94                75.00      0.86      3.59
  TU95                75.00      0.21      0.13
  TU96                 0.00      0.00      0.00
  TU97                 0.00      0.00      0.00
  TU98                 0.00      0.00      0.00
  TU99                75.00      0.17      0.07
  TU4000              61.00      0.80      3.47
   
  Analysis ended Thu Jul  3 14:09:50 2025
