  Page 1                                    Thu Oct 31 11:23:42 2024

  ******************************************************************
  *                           E P A N E T                          *
  *                   Hydraulic and Water Quality                  *
  *                   Analysis for Pipe Networks                   *
  *                         Version 2.2                            *
  ******************************************************************
  
  Analysis begun Thu Oct 31 11:23:42 2024

   
  Node Results:
  ----------------------------------------------
                     Demand      Head  Pressure
  Node                 m3/h         m         m
  ----------------------------------------------
  3661                 0.00    428.79     50.65
  482                  0.00    428.59     82.59
  661                  0.00    428.54     98.54
  6610                 0.00    424.50      0.29
  6611                 0.00    426.97     91.97
  6612                 0.00    426.71     64.34
  6613                 0.00    425.85     70.85
  6615                 0.00    428.74     89.74
  6616                 0.00    428.61     67.61
  6617                 0.00    428.32     85.32
  6618                 0.00    428.69     80.69
  662                  0.00    428.29    100.29
  6620                 0.00    428.58    120.58
  6621                 0.00    428.58    100.58
  6622                 0.00    428.58     91.58
  6623                 0.00    428.58     77.58
  6624                 0.00    428.59     76.59
  6625                 0.00    428.59    116.59
  6626                 0.00    428.59    107.59
  6627                 0.00    428.54    107.54
  6628                 0.00    428.17     89.17
  6629                 0.00    428.17     88.17
  663                  0.00    427.85     86.85
  6630                 0.00    428.17      5.95
  6632                 0.00    428.20     88.20
  6633                 0.00    428.72     66.08
  6634                 0.00    428.76     57.76
  6635                 0.00    428.68     76.68
  6636                 0.00    428.68     72.68
  6637                 0.00    428.59     61.59
  6639                 0.00    425.90     65.90
  664                  0.00    427.56     79.56
  6640                 0.00    425.48     65.48
  6641                 0.00    426.22     67.54
  6642                 0.00    426.12     70.12
  6643                 0.00    427.23     75.23
  6644                 0.00    427.39     75.39
  6645                 0.00    427.45     77.45
  6646                 0.00    427.53     80.51
  6648                 0.00    427.53     81.52
  6649                 0.00    426.94     87.94
  665                  0.00    427.41     82.41
  666                  0.00    428.17     88.17
  6665                 0.00    428.20     63.06
  6666                 0.00    428.45     60.79
  667                  0.00    427.37     75.37
  668                  0.00    428.54     98.54
  669                  0.00    428.17     83.17
  1                   62.00    428.51     98.51
  10                   0.00    427.23     75.23
  100                152.00    426.07     71.07
  100B                76.00    425.06     67.06
  101                155.00    425.18     72.18
  103                  0.00    426.92     87.92
  104                  0.00    426.92     87.92
  105                  0.00    425.85     70.85
  106                  0.00    425.85     70.85
  107                  0.00    428.74     89.74
  108                  0.00    428.74     93.18
  109                  0.00    428.74     91.74
  11B                117.00    427.34     84.34
  110                  0.00    428.68     82.68
  111                  0.00    428.65     90.67
  112                  0.00    428.67     86.67
  113                  0.00    428.61    105.61
  114                  0.00    428.51     80.51
  115                  0.00    428.42     82.42
  116                  0.00    428.48     83.48
  117                  0.00    428.32     85.32
  118                 70.00    427.44     88.44
  119                  0.00    427.44    104.63
  12                 148.00    427.12     96.78
  121                  0.00    428.55     78.55
  122                  0.00    428.48     81.48
  123                  0.00    428.48     82.48
  125                  0.00    428.54     77.54
  126                 61.00    428.45     80.45
  127                  0.00    428.45     85.12
  128                  0.00    428.60     66.60
  129                  0.00    428.55     72.55
  130                  0.00    428.54     87.46
  130B                69.00    428.54     75.54
  132                  0.00    428.54     95.54
  134                  0.00    428.54    107.54
  135                  0.00    428.54    112.54
  137                  0.00    428.54    119.54
  139                  0.00    428.54     68.54
  14                  90.00    426.92     88.92
  140                  0.00    428.54     77.54
  141                  0.00    428.54     76.54
  142                  0.00    428.54     67.54
  143                  0.00    428.54     87.57
  144                 90.00    428.56     69.56
  146                  0.00    428.59     82.59
  147                  0.00    428.59    107.59
  148                  0.00    428.59     95.59
  149                  0.00    428.59    115.38
  15                   0.00    426.97     91.97
  150                  0.00    428.59    120.52
  151                  0.00    428.59    123.35
  152                  0.00    428.59    118.57
  153                  0.00    428.59    118.59
  154                  0.00    428.58    103.58
  157                  0.00    428.58    125.58
  158A                 0.00    428.58    107.58
  158B                 0.00    428.58    107.58
  16B                 91.00    426.97     92.97
  160                 61.00    428.57     61.57
  162                  0.00    428.51     60.51
  163                  0.00    428.45     54.45
  164                 62.00    428.31     68.65
  165                 62.00    428.20     66.90
  166                  0.00    428.20     67.19
  167                  0.00    428.20     57.56
  169                 57.00    428.18     61.68
  17A                  0.00    426.97     91.97
  170                106.00    428.62     69.62
  17B                  0.00    426.97     91.97
  171                  0.00    428.68     76.68
  172                  0.00    428.68     88.68
  18B                  0.00    426.97    101.97
  19                   0.00    428.72     70.72
  2                    0.00    428.34    102.34
  20                   0.00    428.79     64.79
  2002                 0.00    428.17     78.17
  2003                 0.00    428.17     78.17
  21                  66.00    428.78     66.05
  22                   0.00    428.78     67.18
  222                 65.00    428.75     78.75
  24                   0.00    428.74     84.74
  25                   0.00    428.72     83.72
  26                   0.00    428.69     80.69
  27                   0.00    428.70     78.70
  28                   0.00    428.67     80.67
  29                  54.00    428.61     72.61
  3                    0.00    428.11     87.76
  30                   0.00    428.61     67.61
  3002                 0.00    428.79     42.79
  3004                 0.00    428.79     42.79
  3005                 0.00    428.79     42.79
  3008                 0.00    428.79     43.79
  3012                 0.00    428.79     58.06
  3013                 0.00    428.79     63.86
  3016                 0.00    428.80     63.80
  3017               142.00    428.84     46.84
  3018                 0.00    428.74     51.74
  3019                 0.00    428.79     59.40
  3020                 0.00    428.79     60.68
  3024                 0.00    428.79     63.85
  31                   0.00    428.60     70.81
  3152                 0.00    428.79     62.59
  32                   0.00    428.60     70.60
  34                  71.00    428.41     77.39
  35                   0.00    428.58     91.58
  36                   0.00    428.58    100.58
  39                   0.00    428.58    115.58
  41                   0.00    428.58    121.58
  46                   0.00    428.74     52.74
  47                   0.00    428.27     70.09
  48                   0.00    428.59     84.59
  49                   0.00    428.59     76.59
  5                    0.00    427.97     80.97
  52                   0.00    428.59     77.59
  53                   0.00    428.76     72.76
  54                   0.00    428.64     83.64
  55                   0.00    428.51     98.51
  56                   0.00    428.51     94.51
  58                   0.00    428.51     95.51
  59                   0.00    428.51     99.51
  6                   58.00    427.19     75.19
  60                   0.00    428.11     83.11
  61                   0.00    428.11     89.11
  62                  98.00    423.70     69.70
  64                   0.00    428.26     97.26
  65                   0.00    428.20     88.20
  66                  76.00    428.20     89.20
  67                 123.00    428.17     96.17
  68                   0.00    428.17     89.17
  69                   0.00    428.17     77.17
  7                   71.00    427.67     74.67
  70                   0.00    428.17     88.17
  71                   0.00    428.17     91.17
  72                   0.00    427.30     71.30
  73                   0.00    427.20     72.20
  77                   0.00    427.30     71.30
  78                   0.00    427.30     87.16
  79                  55.00    427.67     74.67
  8                    0.00    427.45     77.45
  80                  93.00    427.53     78.53
  81                   0.00    427.53     68.53
  82                   0.00    427.53     69.53
  85                   0.00    428.17     89.17
  86                   0.00    428.17     91.17
  87                   0.00    426.86     66.86
  88                   0.00    426.71     73.71
  89                   0.00    426.39     59.39
  90                   0.00    426.12     70.12
  91                   0.00    425.90     53.90
  92                   0.00    424.50     64.50
  91B                213.00    424.03     64.03
  94                   0.00    426.94     87.94
  95                   0.00    425.89     82.89
  97                   0.00    425.19     94.19
  99                 145.00    423.76     73.76
  74                  75.00    425.06     66.35
  1074                 0.00    427.16     69.16
  11A                173.00    424.86     81.86
  1011                 0.00    425.19     82.19
  0                -3107.00    429.00      0.00  Reservoir
   
   
  Link Results:
  ----------------------------------------------
                       Flow  Velocity  Headloss
  Link                 m3/h       m/s    /1000m
  ----------------------------------------------
  TU1                 -0.00      0.00      0.00
  TU10                 0.00      0.00      0.00
  TU100              123.00      0.27      0.17
  TU101              199.00      0.28      0.14
  TU102                0.00      0.00      0.00
  TU103              199.00      0.28      0.14
  TU104              199.00      0.28      0.14
  TU105             1810.00      0.79      0.44
  TU106             1810.00      0.79      0.44
  TU107                0.00      0.00      0.00
  TU108             1810.00      0.79      0.44
  TU109             2009.00      0.88      0.54
  TU11               155.00      0.71      1.47
  TU110             2009.00      0.88      0.54
  TU111                0.00      0.00      0.00
  TU112               -0.00      0.00      0.00
  TU113                0.00      0.00      0.00
  TU114                0.00      0.00      0.00
  TU115             2071.00      0.73      0.34
  TU116             2071.00      0.73      0.34
  TU117                0.00      0.00      0.00
  TU118                0.00      0.00      0.00
  TU119             2071.00      0.73      0.34
  TU12                -0.00      0.00      0.00
  TU120             2071.00      0.73      0.34
  TU121                0.00      0.00      0.00
  TU122                0.00      0.00      0.00
  TU123               -0.00      0.00      0.00
  TU124                0.00      0.00      0.00
  TU125               -0.00      0.00      0.00
  TU126               -0.00      0.00      0.00
  TU127               -0.00      0.00      0.00
  TU128                0.00      0.00      0.00
  TU129                0.00      0.00      0.00
  TU13                 0.00      0.00      0.00
  TU130               62.00      0.27      0.25
  TU131               62.00      0.27      0.25
  TU132               57.00      0.25      0.21
  TU133              119.00      0.52      0.81
  TU134              213.00      2.30     21.31
  TU135              181.00      0.40      0.34
  TU136              242.00      0.53      0.57
  TU137              242.00      0.34      0.19
  TU138              348.00      0.49      0.38
  TU139              348.00      0.34      0.16
  TU14               245.00      0.54      0.58
  TU140              348.00      0.34      0.16
  TU141               98.00      1.65     15.02
  TU142               98.00      0.26      0.18
  TU143               -0.00      0.00      0.00
  TU144               76.00      0.82      3.21
  TU145              213.00      1.47      7.20
  TU146              289.00      1.26      4.08
  TU147              289.00      0.78      1.28
  TU148               -0.00      0.00      0.00
  TU149              152.00      1.05      3.88
  TU15                -0.00      0.00      0.00
  TU150              152.00      1.05      3.88
  TU151              441.00      0.62      0.58
  TU152              145.00      1.66     12.00
  TU15301            661.00      0.94      1.21
  TU15302            586.00      0.83      0.97
  TU1074              75.00      0.99      5.06
  TU154              661.00      0.65      0.50
  TU155                0.00      0.00      0.00
  TU156              661.00      0.65      0.50
  TU157              759.00      0.75      0.64
  TU158               58.00      1.03      6.59
  TU159              817.00      0.80      0.74
  TU16              3107.00      0.56      0.14
  TU160                0.00      0.00      0.00
  TU161              817.00      0.80      0.74
  TU162              993.00      0.72      0.50
  TU163              867.00      0.63      0.39
  TU164              922.00      0.67      0.43
  TU166               -0.00      0.00      0.00
  TU167               -0.00      0.00      0.00
  TU168                0.00      0.00      0.00
  TU169                0.00      0.00      0.00
  TU17                -0.00      0.00      0.00
  TU170               93.00      0.43      0.58
  TU171              774.00      0.56      0.32
  TU17201            173.00      2.27     23.49
  TU17202              0.00      0.00      0.00
  TU1011A            173.00      2.27     23.49
  TU173              173.00      1.26      5.60
  TU174               -0.00      0.00      0.00
  TU175              173.00      0.79      1.80
  TU176              484.00      0.48      0.28
  TU177              601.00      0.59      0.42
  TU178              336.00      0.33      0.15
  TU179                0.00      0.00      0.00
  TU18                 0.00      0.00      0.00
  TU180                0.00      0.00      0.00
  TU181                0.00      0.00      0.00
  TU182                0.00      0.00      0.00
  TU183                0.00      0.00      0.00
  TU184                0.00      0.00      0.00
  TU185              131.00      0.29      0.19
  TU186              181.00      0.49      0.54
  TU187              181.00      0.40      0.34
  TU188              415.00      0.30      0.10
  TU189              415.00      0.30      0.10
  TU19                 0.00      0.00      0.00
  TU190               -0.00      0.00      0.00
  TU191                0.00      0.00      0.00
  TU192                0.00      0.00      0.00
  TU193                0.00      0.00      0.00
  TU194               -0.00      0.00      0.00
  TU195                0.00      0.00      0.00
  TU196                0.00      0.00      0.00
  TU197               -0.00      0.00      0.00
  TU198                0.00      0.00      0.00
  TU199                0.00      0.00      0.00
  TU2                  0.00      0.00      0.00
  TU20                 0.00      0.00      0.00
  TU200               -0.00      0.00      0.00
  TU201                0.00      0.00      0.00
  TU203                0.00      0.00      0.00
  TU204              546.00      0.24      0.05
  TU205              546.00      0.24      0.05
  TU21                -0.00      0.00      0.00
  TU22               415.00      0.23      0.05
  TU23               480.00      0.27      0.07
  TU24               480.00      0.27      0.07
  TU25               546.00      0.30      0.09
  TU26               230.00      0.23      0.07
  TU27               230.00      0.23      0.07
  TU28               284.00      0.28      0.11
  TU29               284.00      0.28      0.11
  TU3                  0.00      0.00      0.00
  TU30                 0.00      0.00      0.00
  TU31                70.00      0.80      3.17
  TU32                 0.00      0.00      0.00
  TU33                70.00      0.32      0.35
  TU34                70.00      0.32      0.35
  TU35                 0.00      0.00      0.00
  TU36                 0.00      0.00      0.00
  TU37                70.00      0.20      0.11
  TU38                70.00      0.20      0.11
  TU39                -0.00      0.00      0.00
  TU4                586.00      0.83      0.97
  TU40                61.00      0.45      0.84
  TU41               131.00      0.29      0.19
  TU42                 0.00      0.00      0.00
  TU43               131.00      0.19      0.06
  TU44               131.00      0.19      0.06
  TU45               131.00      0.19      0.06
  TU46               131.00      0.19      0.06
  TU47                -0.00      0.00      0.00
  TU48                 0.00      0.00      0.00
  TU49                 0.00      0.00      0.00
  TU5                586.00      0.83      0.97
  TU50                 0.00      0.00      0.00
  TU51                 0.00      0.00      0.00
  TU52                 0.00      0.00      0.00
  TU53                 0.00      0.00      0.00
  TU54                 0.00      0.00      0.00
  TU55                 0.00      0.00      0.00
  TU56                 0.00      0.00      0.00
  TU57                 0.00      0.00      0.00
  TU58                71.00      1.26      9.53
  TU59                71.00      0.20      0.11
  TU6                131.00      0.19      0.06
  TU60                 0.00      0.00      0.00
  TU61                 0.00      0.00      0.00
  TU62                -0.00      0.00      0.00
  TU63                 0.00      0.00      0.00
  TU64                 0.00      0.00      0.00
  TU65                 0.00      0.00      0.00
  TU66                 0.00      0.00      0.00
  TU67                 0.00      0.00      0.00
  TU68                 0.00      0.00      0.00
  TU69                71.00      0.10      0.02
  TU7                  0.00      0.00      0.00
  TU70                71.00      0.10      0.02
  TU71                71.00      0.10      0.02
  TU72                 0.00      0.00      0.00
  TU73                 0.00      0.00      0.00
  TU74                69.00      0.15      0.06
  TU75                69.00      0.15      0.06
  TU76               159.00      0.35      0.27
  TU77               159.00      0.35      0.27
  TU78                 0.00      0.00      0.00
  TU79                 0.00      0.00      0.00
  TU8                155.00      1.67     11.84
  TU80                 0.00      0.00      0.00
  TU81                 0.00      0.00      0.00
  TU82                 0.00      0.00      0.00
  TU83                 0.00      0.00      0.00
  TU84                 0.00      0.00      0.00
  TU85                 0.00      0.00      0.00
  TU86                 0.00      0.00      0.00
  TU87                 0.00      0.00      0.00
  TU88                 0.00      0.00      0.00
  TU89                 0.00      0.00      0.00
  TU9                  0.00      0.00      0.00
  TU90                 0.00      0.00      0.00
  TU91                -0.00      0.00      0.00
  TU92                 0.00      0.00      0.00
  TU93                 0.00      0.00      0.00
  TU94                 0.00      0.00      0.00
  TU95                 0.00      0.00      0.00
  TU96                 0.00      0.00      0.00
  TU97                 0.00      0.00      0.00
  TU98                 0.00      0.00      0.00
  TU99                 0.00      0.00      0.00
  TU4000               0.00      0.00      0.00
   
  Analysis ended Thu Oct 31 11:23:42 2024
