  Page 1                                    Thu Oct 31 11:23:42 2024

  ******************************************************************
  *                           E P A N E T                          *
  *                   Hydraulic and Water Quality                  *
  *                   Analysis for Pipe Networks                   *
  *                         Version 2.2                            *
  ******************************************************************
  
  Analysis begun Thu Oct 31 11:23:42 2024

   
  Node Results:
  ----------------------------------------------
                     Demand      Head  Pressure
  Node                 m3/h         m         m
  ----------------------------------------------
  3661                 0.00    428.70     50.56
  482                  0.00    428.46     82.46
  661                  0.00    428.28     98.28
  6610                 0.00    424.55      1.53
  6611                 0.00    426.83     91.83
  6612                 0.00    426.63     64.26
  6613                 0.00    425.72     70.72
  6615                 0.00    428.59     89.59
  6616                 0.00    428.34     67.34
  6617                 0.00    427.55     84.55
  6618                 0.00    428.48     80.48
  662                  0.00    428.18    100.18
  6620                 0.00    428.26    120.26
  6621                 0.00    428.26    100.26
  6622                 0.00    428.26     91.26
  6623                 0.00    428.26     77.26
  6624                 0.00    428.27     76.27
  6625                 0.00    427.86    115.86
  6626                 0.00    428.09    107.09
  6627                 0.00    428.28    107.28
  6628                 0.00    427.99     88.99
  6629                 0.00    427.99     87.99
  663                  0.00    427.74     86.74
  6630                 0.00    427.99      5.77
  6632                 0.00    428.03     88.03
  6633                 0.00    428.64     66.00
  6634                 0.00    428.68     57.68
  6635                 0.00    428.54     76.54
  6636                 0.00    428.54     72.54
  6637                 0.00    428.46     61.46
  6639                 0.00    425.86     65.86
  664                  0.00    427.44     79.44
  6640                 0.00    425.46     65.46
  6641                 0.00    426.16     67.48
  6642                 0.00    426.07     70.07
  6643                 0.00    427.13     75.13
  6644                 0.00    427.28     75.28
  6645                 0.00    427.35     77.35
  6646                 0.00    427.41     80.39
  6648                 0.00    427.41     81.40
  6649                 0.00    426.83     87.83
  665                  0.00    427.28     82.28
  666                  0.00    427.99     87.99
  6665                 0.00    428.14     63.00
  6666                 0.00    428.35     60.69
  667                  0.00    427.27     75.27
  668                  0.00    428.28     98.28
  669                  0.00    427.99     82.99
  1                   63.00    428.41     98.41
  10                   0.00    427.13     75.13
  100                147.00    426.02     71.02
  100B                76.00    425.04     67.04
  101                153.00    425.06     72.06
  103                 46.00    426.53     87.53
  104                  0.00    426.53     87.53
  105                  0.00    425.72     70.72
  106                  0.00    425.72     70.72
  107                  0.00    428.59     89.59
  108                  0.00    428.59     93.03
  109                  0.00    428.59     91.59
  11B                115.00    427.22     84.22
  110                  0.00    428.46     82.46
  111                  0.00    428.38     90.40
  112                  0.00    428.42     86.42
  113                  0.00    428.27    105.27
  114                  0.00    427.94     79.94
  115                 57.00    427.65     81.65
  116                  0.00    427.80     82.80
  117                  0.00    427.55     84.55
  118                 67.00    426.73     87.73
  119                  0.00    426.73    103.92
  12                 148.00    426.99     96.65
  121                  0.00    428.10     78.10
  122                 42.00    426.14     79.14
  123                  0.00    427.56     81.56
  125                  0.00    428.09     77.09
  126                 60.00    428.00     80.00
  127                  0.00    428.00     84.67
  128                  0.00    428.34     66.34
  129                  0.00    428.28     72.28
  130                  0.00    428.28     87.20
  130B                70.00    428.28     75.28
  132                  0.00    428.28     95.28
  134                  0.00    428.28    107.28
  135                  0.00    428.28    112.28
  137                  0.00    428.28    119.28
  139                  0.00    428.28     68.28
  14                  88.00    426.76     88.76
  140                  0.00    428.28     77.28
  141                  0.00    428.28     76.28
  142                  0.00    428.28     67.28
  143                  0.00    428.28     87.31
  144                 92.00    428.29     69.29
  146                  0.00    428.18     82.18
  147                  0.00    428.09    107.09
  148                  0.00    428.17     95.17
  149                  0.00    427.86    114.65
  15                   0.00    426.83     91.83
  150                107.00    427.60    119.53
  151                  0.00    427.60    122.36
  152                  0.00    427.60    117.58
  153                  0.00    427.60    117.60
  154                  0.00    428.26    103.26
  157                  0.00    428.26    125.26
  158A                 0.00    428.26    107.26
  158B                 0.00    428.26    107.26
  16B                 60.00    426.83     92.83
  160                 58.00    428.45     61.45
  162                  0.00    428.40     60.40
  163                  0.00    428.35     54.35
  164                 49.00    428.23     68.57
  165                 55.00    428.14     66.84
  166                  0.00    428.14     67.13
  167                  0.00    428.14     57.50
  169                 57.00    428.11     61.61
  17A                  0.00    426.83     91.83
  170                104.00    428.49     69.49
  17B                  0.00    426.83     91.83
  171                  0.00    428.54     76.54
  172                  0.00    428.54     88.54
  18B                  0.00    426.83    101.83
  19                   0.00    428.64     70.64
  2                    0.00    428.23    102.23
  20                   0.00    428.70     64.70
  2002                 0.00    427.99     77.99
  2003                 0.00    427.99     77.99
  21                  66.00    428.67     65.94
  22                   0.00    428.67     67.07
  222                 66.00    428.61     78.61
  24                   0.00    428.59     84.59
  25                   0.00    428.55     83.55
  26                   0.00    428.48     80.48
  27                   0.00    428.50     78.50
  28                   0.00    428.47     80.47
  29                  55.00    428.36     72.36
  3                    0.00    427.99     87.64
  30                   0.00    428.35     67.35
  3002                 0.00    428.70     42.70
  3004                 0.00    428.70     42.70
  3005                 0.00    428.70     42.70
  3008                 0.00    428.70     43.70
  3012                 0.00    428.70     57.97
  3013                 0.00    428.70     63.77
  3016                 0.00    428.72     63.72
  3017               144.00    428.78     46.78
  3018                 0.00    428.59     51.59
  3019                 0.00    428.70     59.31
  3020                 0.00    428.70     60.59
  3024                 0.00    428.70     63.76
  31                   0.00    428.29     70.50
  3152                 0.00    428.70     62.50
  32                   0.00    428.32     70.32
  34                  70.00    428.09     77.07
  35                   0.00    428.26     91.26
  36                   0.00    428.26    100.26
  39                   0.00    428.26    115.26
  41                   0.00    428.26    121.26
  46                 164.00    428.59     52.59
  47                   0.00    428.20     70.02
  48                   0.00    428.46     84.46
  49                   0.00    428.46     76.46
  5                    0.00    427.86     80.86
  52                   0.00    428.46     77.46
  53                 151.00    425.23     69.23
  54                   0.00    428.56     83.56
  55                   0.00    428.41     98.41
  56                   0.00    428.41     94.41
  58                   0.00    428.41     95.41
  59                   0.00    428.41     99.41
  6                   58.00    427.09     75.09
  60                   0.00    427.99     82.99
  61                   0.00    427.99     88.99
  62                 103.00    423.24     69.24
  64                   0.00    428.12     97.12
  65                  76.00    427.73     87.73
  66                  75.00    428.02     89.02
  67                 123.00    427.99     95.99
  68                   0.00    427.99     88.99
  69                   0.00    427.99     76.99
  7                   65.00    427.55     74.55
  70                   0.00    427.99     87.99
  71                   0.00    427.99     90.99
  72                   0.00    427.19     71.19
  73                   0.00    427.10     72.10
  77                   0.00    427.19     71.19
  78                   0.00    427.19     87.05
  79                  64.00    427.55     74.55
  8                    0.00    427.35     77.35
  80                  97.00    427.41     78.41
  81                   0.00    427.41     68.41
  82                   0.00    427.41     69.41
  85                   0.00    427.99     88.99
  86                   0.00    427.99     90.99
  87                   0.00    426.77     66.77
  88                   0.00    426.63     73.63
  89                   0.00    426.32     59.32
  90                   0.00    426.07     70.07
  91                   0.00    425.86     53.86
  92                   0.00    424.55     64.55
  91B                205.00    424.11     64.11
  94                   0.00    426.83     87.83
  95                   0.00    425.82     82.82
  97                   0.00    425.13     94.13
  99                 144.00    423.73     73.73
  74                  76.00    424.91     66.20
  1074                 0.00    427.06     69.06
  11A                170.00    424.82     81.82
  1011                 0.00    425.13     82.13
  0                -3686.00    429.00      0.00  Reservoir
   
   
  Link Results:
  ----------------------------------------------
                       Flow  Velocity  Headloss
  Link                 m3/h       m/s    /1000m
  ----------------------------------------------
  TU1                 -0.00      0.00      0.00
  TU10                 0.00      0.00      0.00
  TU100              123.00      0.27      0.17
  TU101              198.00      0.28      0.14
  TU102               76.00      1.35     10.80
  TU103              274.00      0.39      0.24
  TU104              274.00      0.39      0.24
  TU105             1815.00      0.79      0.45
  TU106             1815.00      0.79      0.45
  TU107                0.00      0.00      0.00
  TU108             1815.00      0.79      0.45
  TU109             2089.00      0.91      0.58
  TU11               153.00      0.70      1.44
  TU110             2089.00      0.91      0.58
  TU111               -0.00      0.00      0.00
  TU112               -0.00      0.00      0.00
  TU113                0.00      0.00      0.00
  TU114                0.00      0.00      0.00
  TU115             2152.00      0.76      0.37
  TU116             2152.00      0.76      0.37
  TU117              151.00      1.63     11.28
  TU118                0.00      0.00      0.00
  TU119             2152.00      0.76      0.37
  TU12                 0.00      0.00      0.00
  TU120             2303.00      0.81      0.42
  TU121                0.00      0.00      0.00
  TU122                0.00      0.00      0.00
  TU123               -0.00      0.00      0.00
  TU124                0.00      0.00      0.00
  TU125               -0.00      0.00      0.00
  TU126               -0.00      0.00      0.00
  TU127               -0.00      0.00      0.00
  TU128                0.00      0.00      0.00
  TU129                0.00      0.00      0.00
  TU13                46.00      0.34      0.51
  TU130               55.00      0.24      0.20
  TU131               55.00      0.24      0.20
  TU132               57.00      0.25      0.21
  TU133              112.00      0.49      0.72
  TU134              205.00      2.21     19.84
  TU135              161.00      0.36      0.27
  TU136              219.00      0.48      0.47
  TU137              219.00      0.31      0.16
  TU138              323.00      0.46      0.33
  TU139              323.00      0.32      0.14
  TU14               287.00      0.63      0.78
  TU140              487.00      0.48      0.29
  TU141              103.00      1.73     16.46
  TU142              103.00      0.28      0.20
  TU143               -0.00      0.00      0.00
  TU144               76.00      0.82      3.21
  TU145              205.00      1.42      6.71
  TU146              281.00      1.22      3.87
  TU147              281.00      0.76      1.21
  TU148               -0.00      0.00      0.00
  TU149              147.00      1.02      3.64
  TU15                -0.00      0.00      0.00
  TU150              147.00      1.02      3.64
  TU151              428.00      0.61      0.55
  TU152              144.00      1.64     11.85
  TU15301            648.00      0.92      1.17
  TU15302            572.00      0.81      0.93
  TU1074              76.00      1.00      5.18
  TU154              648.00      0.64      0.48
  TU155                0.00      0.00      0.00
  TU156              648.00      0.64      0.48
  TU157              751.00      0.74      0.63
  TU158               58.00      1.03      6.59
  TU159              809.00      0.79      0.72
  TU16              3686.00      0.67      0.19
  TU160                0.00      0.00      0.00
  TU161              809.00      0.79      0.72
  TU162             1006.00      0.73      0.51
  TU163              877.00      0.63      0.40
  TU164              941.00      0.68      0.45
  TU166               -0.00      0.00      0.00
  TU167               -0.00      0.00      0.00
  TU168                0.00      0.00      0.00
  TU169                0.00      0.00      0.00
  TU17                -0.00      0.00      0.00
  TU170               97.00      0.44      0.63
  TU171              780.00      0.56      0.32
  TU17201            170.00      2.24     22.74
  TU17202              0.00      0.00      0.00
  TU1011A            170.00      2.24     22.74
  TU173              170.00      1.24      5.42
  TU174               -0.00      0.00      0.00
  TU175              170.00      0.78      1.74
  TU176              495.00      0.49      0.30
  TU177              610.00      0.60      0.43
  TU178              347.00      0.34      0.15
  TU179                0.00      0.00      0.00
  TU18                 0.00      0.00      0.00
  TU180                0.00      0.00      0.00
  TU181                0.00      0.00      0.00
  TU182                0.00      0.00      0.00
  TU183                0.00      0.00      0.00
  TU184                0.00      0.00      0.00
  TU185              226.00      0.50      0.50
  TU186              161.00      0.43      0.44
  TU187              161.00      0.36      0.27
  TU188              620.00      0.45      0.21
  TU189              620.00      0.45      0.21
  TU19                 0.00      0.00      0.00
  TU190               -0.00      0.00      0.00
  TU191                0.00      0.00      0.00
  TU192                0.00      0.00      0.00
  TU193                0.00      0.00      0.00
  TU194               -0.00      0.00      0.00
  TU195                0.00      0.00      0.00
  TU196                0.00      0.00      0.00
  TU197               -0.00      0.00      0.00
  TU198                0.00      0.00      0.00
  TU199                0.00      0.00      0.00
  TU2                  0.00      0.00      0.00
  TU20                 0.00      0.00      0.00
  TU200               -0.00      0.00      0.00
  TU201                0.00      0.00      0.00
  TU203                0.00      0.00      0.00
  TU204              752.00      0.33      0.09
  TU205              752.00      0.33      0.09
  TU21                -0.00      0.00      0.00
  TU22               620.00      0.34      0.11
  TU23               686.00      0.38      0.13
  TU24               686.00      0.38      0.13
  TU25               752.00      0.42      0.16
  TU26               339.00      0.33      0.15
  TU27               339.00      0.33      0.15
  TU28               394.00      0.39      0.19
  TU29               394.00      0.39      0.19
  TU3                  0.00      0.00      0.00
  TU30                 0.00      0.00      0.00
  TU31                67.00      0.76      2.93
  TU32                 0.00      0.00      0.00
  TU33                67.00      0.31      0.32
  TU34               124.00      0.57      0.98
  TU35                42.00      0.75      3.67
  TU36                42.00      0.48      1.26
  TU37               166.00      0.47      0.53
  TU38               166.00      0.47      0.53
  TU39                -0.00      0.00      0.00
  TU4                572.00      0.81      0.93
  TU40                60.00      0.44      0.82
  TU41               226.00      0.50      0.50
  TU42                 0.00      0.00      0.00
  TU43               226.00      0.32      0.17
  TU44               226.00      0.32      0.17
  TU45               226.00      0.32      0.17
  TU46               226.00      0.32      0.17
  TU47                -0.00      0.00      0.00
  TU48                 0.00      0.00      0.00
  TU49                 0.00      0.00      0.00
  TU5                572.00      0.81      0.93
  TU50                 0.00      0.00      0.00
  TU51                 0.00      0.00      0.00
  TU52                 0.00      0.00      0.00
  TU53                 0.00      0.00      0.00
  TU54                 0.00      0.00      0.00
  TU55                 0.00      0.00      0.00
  TU56                 0.00      0.00      0.00
  TU57                 0.00      0.00      0.00
  TU58                70.00      1.25      9.29
  TU59                70.00      0.20      0.11
  TU6                226.00      0.32      0.17
  TU60                -0.00      0.00      0.00
  TU61                 0.00      0.00      0.00
  TU62               107.00      0.57      1.08
  TU63                 0.00      0.00      0.00
  TU64               107.00      0.57      1.08
  TU65                 0.00      0.00      0.00
  TU66               107.00      0.35      0.34
  TU67               107.00      0.30      0.24
  TU68               107.00      0.30      0.24
  TU69               177.00      0.25      0.11
  TU7                  0.00      0.00      0.00
  TU70               177.00      0.25      0.11
  TU71               177.00      0.25      0.11
  TU72                 0.00      0.00      0.00
  TU73                 0.00      0.00      0.00
  TU74                70.00      0.15      0.06
  TU75                70.00      0.15      0.06
  TU76               162.00      0.36      0.28
  TU77               162.00      0.36      0.27
  TU78                 0.00      0.00      0.00
  TU79                 0.00      0.00      0.00
  TU8                153.00      1.65     11.56
  TU80                 0.00      0.00      0.00
  TU81                 0.00      0.00      0.00
  TU82                 0.00      0.00      0.00
  TU83                 0.00      0.00      0.00
  TU84                 0.00      0.00      0.00
  TU85                 0.00      0.00      0.00
  TU86                 0.00      0.00      0.00
  TU87                 0.00      0.00      0.00
  TU88                 0.00      0.00      0.00
  TU89                 0.00      0.00      0.00
  TU9                  0.00      0.00      0.00
  TU90                 0.00      0.00      0.00
  TU91                -0.00      0.00      0.00
  TU92                 0.00      0.00      0.00
  TU93                 0.00      0.00      0.00
  TU94                 0.00      0.00      0.00
  TU95                 0.00      0.00      0.00
  TU96                 0.00      0.00      0.00
  TU97                 0.00      0.00      0.00
  TU98                 0.00      0.00      0.00
  TU99                 0.00      0.00      0.00
  TU4000               0.00      0.00      0.00
   
  Analysis ended Thu Oct 31 11:23:42 2024
