  Page 1                                    Thu Jul  3 14:09:50 2025

  ******************************************************************
  *                           E P A N E T                          *
  *                   Hydraulic and Water Quality                  *
  *                   Analysis for Pipe Networks                   *
  *                         Version 2.2                            *
  ******************************************************************
  
  Analysis begun Thu Jul  3 14:09:50 2025

   
  Node Results:
  ----------------------------------------------
                     Demand      Head  Pressure
  Node                 m3/h         m         m
  ----------------------------------------------
  3661                 0.00    428.28     50.14
  482                  0.00    428.07     82.07
  661                  0.00    427.02     97.02
  6610                 0.00    422.66     62.66
  6611                 0.00    425.30     90.30
  6612                 0.00    425.52     63.15
  6613                 0.00    423.97     68.97
  6615                 0.00    427.79     88.79
  6616                 0.00    427.17     66.17
  6617                 0.00    424.68     81.68
  6618                 0.00    427.51     79.51
  662                  0.00    427.56     99.56
  6620                 0.00    425.89    117.89
  6621                 0.00    426.52     98.52
  6622                 0.00    426.66     89.66
  6623                 0.00    426.81     75.81
  6624                 0.00    426.87     74.87
  6625                 0.00    426.40    114.40
  6626                 0.00    426.60    105.60
  6627                 0.00    427.02    106.02
  6628                 0.00    425.30     86.30
  6629                 0.00    426.88     86.88
  663                  0.00    426.94     85.94
  6630                 0.00    427.03      6.08
  6632                 0.00    427.20     87.20
  6633                 0.00    428.32     65.68
  6634                 0.00    428.40     57.40
  6635                 0.00    428.21     76.21
  6636                 0.00    428.21     72.21
  6637                 0.00    428.07     61.07
  6639                 0.00    424.58     64.58
  664                  0.00    426.55     78.55
  6640                 0.00    424.05     64.05
  6641                 0.00    424.97     66.29
  6642                 0.00    424.87     68.87
  6643                 0.00    426.10     74.10
  6644                 0.00    426.27     74.27
  6645                 0.00    426.36     76.36
  6646                 0.00    426.52     79.50
  6648                 0.00    426.52     80.51
  6649                 0.00    426.17     87.17
  665                  0.00    426.33     81.33
  666                  0.00    427.03     87.03
  6665                 0.00    427.53     62.39
  6666                 0.00    427.84     60.18
  667                  0.00    426.25     74.25
  668                  0.00    427.01     97.01
  669                  0.00    426.85     81.85
  1                   62.00    427.92     97.92
  10                   0.00    426.10     74.10
  100                151.00    424.82     69.82
  100B                67.00    423.72     65.72
  101                161.00    423.25     70.25
  103                 48.00    421.24     82.24
  104                166.00    421.05     82.05
  105                  0.00    423.97     68.97
  106                  0.00    423.97     68.97
  107                  0.00    427.79     88.79
  108                 48.00    427.21     91.65
  109                  0.00    427.66     90.66
  11B                111.00    426.20     83.20
  110                 71.00    427.42     81.42
  111                 48.00    427.13     89.15
  112                  0.00    427.28     85.28
  113                  0.00    426.81    103.81
  114                  0.00    425.90     77.90
  115                 65.00    425.10     79.10
  116                  0.00    425.53     80.53
  117                 85.00    424.56     81.56
  118                 67.00    423.86     84.86
  119                  0.00    423.86    101.05
  12                 148.00    425.72     95.38
  121                 63.00    426.29     76.29
  122                 59.00    422.45     75.45
  123                  0.00    425.09     79.09
  125                  0.00    426.26     75.26
  126                 75.00    426.12     78.12
  127                  0.00    426.12     82.79
  128                  0.00    427.16     65.16
  129                  0.00    427.05     71.05
  130                  0.00    427.02     85.94
  130B                72.00    427.03     74.03
  132                  0.00    427.01     94.01
  134                  0.00    427.02    106.02
  135                  0.00    427.02    111.02
  137                  0.00    427.02    118.02
  139                 57.00    426.68     66.68
  14                 106.00    425.12     87.12
  140                  0.00    426.86     75.86
  141                  0.00    426.85     74.85
  142                  0.00    426.68     65.68
  143                  0.00    427.01     86.04
  144                 88.00    427.09     68.09
  146                  0.00    426.69     80.69
  147                  0.00    426.60    105.60
  148                 56.00    426.66     93.66
  149                  0.00    426.40    113.19
  15                   0.00    425.30     90.30
  150                100.00    426.16    118.09
  151                  0.00    426.16    120.92
  152                  0.00    426.16    116.14
  153                  0.00    426.16    116.16
  154                  0.00    426.45    101.45
  157                  0.00    425.89    122.89
  158A                64.00    416.97     95.97
  158B                64.00    416.96     95.96
  16B                116.00    425.30     91.30
  160                 71.00    428.04     61.04
  162                  0.00    427.95     59.95
  163                 81.00    427.59     53.59
  164                 65.00    427.72     68.06
  165                  0.00    427.53     66.23
  166                 98.00    427.53     66.52
  167                  0.00    427.53     56.89
  169                  0.00    427.69     61.19
  17A                  0.00    425.30     90.30
  170                102.00    428.13     69.13
  17B                  0.00    425.30     90.30
  171                  0.00    428.21     76.21
  172                  0.00    428.21     88.21
  18B                  0.00    425.30    100.30
  19                   0.00    428.32     70.32
  2                    0.00    427.64    101.64
  20                  73.00    428.28     64.28
  2002                 0.00    426.85     76.85
  2003                 0.00    426.85     76.85
  21                  71.00    428.19     65.46
  22                   0.00    428.18     66.58
  222                 60.00    428.01     78.01
  24                   0.00    427.91     83.91
  25                   0.00    427.77     82.77
  26                   0.00    427.51     79.51
  27                   0.00    427.62     77.62
  28                   0.00    427.51     79.51
  29                  64.00    427.21     71.21
  3                    0.00    427.30     86.95
  30                   0.00    427.18     66.18
  3002                 0.00    428.28     42.28
  3004                 0.00    428.28     42.28
  3005                 0.00    428.28     42.28
  3008                 0.00    428.28     43.28
  3012                 0.00    428.28     57.55
  3013                 0.00    428.28     63.35
  3016                 0.00    428.35     63.35
  3017               138.00    428.57     46.57
  3018                 0.00    428.28     51.28
  3019                 0.00    428.28     58.89
  3020                 0.00    428.28     60.17
  3024                 0.00    428.28     63.34
  31                  66.00    426.95     69.16
  3152                 0.00    428.28     62.08
  32                   0.00    427.05     69.05
  34                  58.00    426.69     75.67
  35                   0.00    426.66     89.66
  36                   0.00    426.52     98.52
  39                   0.00    426.25    113.25
  41                   0.00    425.69    118.69
  46                 185.00    428.28     52.28
  47                   0.00    427.69     69.51
  48                   0.00    428.07     84.07
  49                   0.00    428.07     76.07
  5                    0.00    427.11     80.11
  52                   0.00    428.07     77.07
  53                 153.00    424.86     68.86
  54                   0.00    428.17     83.17
  55                   0.00    426.96     96.96
  56                  52.00    426.49     92.49
  58                  59.00    423.70     90.70
  59                 165.00    419.91     90.91
  6                   60.00    426.06     74.06
  60                   0.00    427.30     82.30
  61                   0.00    427.30     88.30
  62                 112.00    421.40     67.40
  64                   0.00    427.41     96.41
  65                  90.00    426.80     86.80
  66                  85.00    427.19     88.19
  67                 125.00    427.06     95.06
  68                   0.00    427.03     88.03
  69                   0.00    427.03     76.03
  7                   64.00    426.70     73.70
  70                   0.00    426.74     86.74
  71                  78.00    425.38     88.38
  72                  83.00    426.01     70.01
  73                   0.00    426.06     71.06
  77                   0.00    426.01     70.01
  78                   0.00    426.01     85.87
  79                  64.00    426.70     73.70
  8                   66.00    426.11     76.11
  80                  85.00    426.52     77.52
  81                   0.00    426.52     67.52
  82                   0.00    426.52     68.52
  85                  63.00    425.00     86.00
  86                   0.00    425.30     88.30
  87                   0.00    425.69     65.69
  88                   0.00    425.52     72.52
  89                   0.00    425.17     58.17
  90                   0.00    424.87     68.87
  91                   0.00    424.58     52.58
  92                  57.00    422.62     62.62
  91B                201.00    422.24     62.24
  94                   0.00    426.17     87.17
  95                   0.00    425.82     82.82
  97                   0.00    425.58     94.58
  99                 143.00    422.61     72.61
  74                  71.00    424.12     65.41
  1074                 0.00    426.02     68.02
  11A                 95.00    425.48     82.48
  1011                 0.00    425.58     82.58
  0                -5321.00    429.00      0.00  Reservoir
   
   
  Link Results:
  ----------------------------------------------
                       Flow  Velocity  Headloss
  Link                 m3/h       m/s    /1000m
  ----------------------------------------------
  TU1                 57.00      0.62      1.96
  TU10                 0.00      0.00      0.00
  TU100              266.00      0.59      0.68
  TU101              351.00      0.50      0.38
  TU102               90.00      1.60     14.72
  TU103              441.00      0.62      0.58
  TU104              441.00      0.62      0.58
  TU105             2175.00      0.95      0.62
  TU106             2175.00      0.95      0.62
  TU107                0.00      0.00      0.00
  TU108             2175.00      0.95      0.62
  TU109             2616.00      1.14      0.88
  TU11               161.00      0.74      1.58
  TU110             2616.00      1.14      0.88
  TU111              165.00      2.17     21.52
  TU112              224.00      1.64      9.00
  TU113              276.00      1.47      6.08
  TU114              276.00      1.47      6.08
  TU115             2954.00      1.04      0.66
  TU116             2954.00      1.04      0.66
  TU117              153.00      1.65     11.56
  TU118                0.00      0.00      0.00
  TU119             2954.00      1.04      0.66
  TU12               166.00      1.90     15.40
  TU120             3107.00      1.10      0.72
  TU121                0.00      0.00      0.00
  TU122                0.00      0.00      0.00
  TU123               -0.00      0.00      0.00
  TU124                0.00      0.00      0.00
  TU125               -0.00      0.00      0.00
  TU126               -0.00      0.00      0.00
  TU127               -0.00      0.00      0.00
  TU128                0.00      0.00      0.00
  TU129                0.00      0.00      0.00
  TU13               214.00      1.56      8.28
  TU130                0.00      0.00      0.00
  TU131               98.00      0.43      0.57
  TU132                0.00      0.00      0.00
  TU133               98.00      0.43      0.57
  TU134              201.00      2.17     19.13
  TU135              244.00      0.54      0.58
  TU136              315.00      0.70      0.92
  TU137              315.00      0.45      0.31
  TU138              417.00      0.59      0.52
  TU139              417.00      0.41      0.22
  TU14               481.00      1.06      2.00
  TU140              602.00      0.59      0.42
  TU141              112.00      1.88     19.21
  TU142              195.00      0.53      0.62
  TU143               -0.00      0.00      0.00
  TU144               67.00      0.72      2.56
  TU145              258.00      1.79     10.25
  TU146              325.00      1.42      5.06
  TU147              325.00      0.88      1.58
  TU148                0.00      0.00      0.00
  TU149              151.00      1.05      3.83
  TU15                -0.00      0.00      0.00
  TU150              151.00      1.05      3.83
  TU151              476.00      0.67      0.66
  TU152              143.00      1.63     11.70
  TU15301            690.00      0.98      1.31
  TU15302            619.00      0.88      1.07
  TU1074              71.00      0.93      4.58
  TU154              690.00      0.68      0.54
  TU155                0.00      0.00      0.00
  TU156              690.00      0.68      0.54
  TU157              885.00      0.87      0.85
  TU158               60.00      1.07      7.01
  TU159              945.00      0.93      0.96
  TU16              5321.00      0.96      0.38
  TU160               66.00      1.17      8.34
  TU161             1011.00      0.99      1.09
  TU162             1164.00      0.84      0.67
  TU163             1036.00      0.75      0.54
  TU164             1100.00      0.79      0.60
  TU166               -0.00      0.00      0.00
  TU167               -0.00      0.00      0.00
  TU168                0.00      0.00      0.00
  TU169                0.00      0.00      0.00
  TU17                48.00      0.85      4.67
  TU170               85.00      0.39      0.50
  TU171              951.00      0.69      0.46
  TU17201             95.00      1.25      7.79
  TU17202              0.00      0.00      0.00
  TU1011A             95.00      1.25      7.79
  TU173               95.00      0.69      1.87
  TU174               -0.00      0.00      0.00
  TU175               95.00      0.43      0.61
  TU176              745.00      0.73      0.62
  TU177              856.00      0.84      0.80
  TU178              597.00      0.59      0.42
  TU179                0.00      0.00      0.00
  TU18                48.00      0.55      1.60
  TU180                0.00      0.00      0.00
  TU181                0.00      0.00      0.00
  TU182                0.00      0.00      0.00
  TU183                0.00      0.00      0.00
  TU184                0.00      0.00      0.00
  TU185              414.00      0.92      1.52
  TU186              163.00      0.44      0.45
  TU187              244.00      0.54      0.58
  TU188             1222.00      0.88      0.73
  TU189             1222.00      0.88      0.73
  TU19                 0.00      0.00      0.00
  TU190               -0.00      0.00      0.00
  TU191                0.00      0.00      0.00
  TU192                0.00      0.00      0.00
  TU193                0.00      0.00      0.00
  TU194               -0.00      0.00      0.00
  TU195                0.00      0.00      0.00
  TU196                0.00      0.00      0.00
  TU197               -0.00      0.00      0.00
  TU198                0.00      0.00      0.00
  TU199                0.00      0.00      0.00
  TU2                  0.00      0.00      0.00
  TU20                48.00      0.35      0.55
  TU200               -0.00      0.00      0.00
  TU201                0.00      0.00      0.00
  TU203                0.00      0.00      0.00
  TU204             1474.00      0.64      0.30
  TU205             1474.00      0.64      0.30
  TU21                -0.00      0.00      0.00
  TU22              1270.00      0.70      0.41
  TU23              1330.00      0.73      0.45
  TU24              1330.00      0.73      0.45
  TU25              1401.00      0.77      0.49
  TU26               625.00      0.61      0.45
  TU27               625.00      0.61      0.45
  TU28               689.00      0.68      0.54
  TU29               689.00      0.68      0.54
  TU3                  0.00      0.00      0.00
  TU30                 0.00      0.00      0.00
  TU31                67.00      0.76      2.93
  TU32                85.00      0.97      4.51
  TU33               152.00      0.70      1.42
  TU34               217.00      0.99      2.72
  TU35                59.00      1.05      6.80
  TU36                59.00      0.67      2.32
  TU37               276.00      0.78      1.33
  TU38               276.00      0.78      1.33
  TU39                -0.00      0.00      0.00
  TU4                619.00      0.88      1.07
  TU40                75.00      0.55      1.22
  TU41               351.00      0.78      1.12
  TU42                81.00      0.56      1.23
  TU43               462.00      0.65      0.63
  TU44               462.00      0.65      0.63
  TU45               533.00      0.75      0.82
  TU46               533.00      0.75      0.82
  TU47                -0.00      0.00      0.00
  TU48               128.00      1.68     13.46
  TU49               128.00      1.08      4.54
  TU5                619.00      0.88      1.07
  TU50                 0.00      0.00      0.00
  TU51               128.00      0.68      1.49
  TU52               128.00      0.42      0.47
  TU53               128.00      0.42      0.47
  TU54                 0.00      0.00      0.00
  TU55               128.00      0.42      0.47
  TU56                 0.00      0.00      0.00
  TU57               128.00      0.36      0.33
  TU58                58.00      1.03      6.59
  TU59               186.00      0.53      0.65
  TU6                414.00      0.59      0.51
  TU60                -0.00      0.00      0.00
  TU61                -0.00      0.00      0.00
  TU62               100.00      0.53      0.95
  TU63                 0.00      0.00      0.00
  TU64               100.00      0.53      0.95
  TU65                 0.00      0.00      0.00
  TU66               100.00      0.33      0.30
  TU67               156.00      0.44      0.47
  TU68               156.00      0.44      0.47
  TU69               342.00      0.48      0.36
  TU7                  0.00      0.00      0.00
  TU70               408.00      0.58      0.50
  TU71               408.00      0.58      0.50
  TU72                57.00      0.13      0.04
  TU73                57.00      0.13      0.04
  TU74               129.00      0.29      0.18
  TU75               129.00      0.29      0.18
  TU76               217.00      0.48      0.47
  TU77               217.00      0.48      0.47
  TU78                 0.00      0.00      0.00
  TU79                 0.00      0.00      0.00
  TU8                161.00      1.74     12.70
  TU80                 0.00      0.00      0.00
  TU81                 0.00      0.00      0.00
  TU82                 0.00      0.00      0.00
  TU83                 0.00      0.00      0.00
  TU84                 0.00      0.00      0.00
  TU85                57.00      0.42      0.74
  TU86                57.00      0.26      0.24
  TU87                57.00      0.30      0.35
  TU88                57.00      0.13      0.04
  TU89                63.00      1.12      7.66
  TU9                  0.00      0.00      0.00
  TU90                 0.00      0.00      0.00
  TU91                63.00      0.72      2.62
  TU92                63.00      0.29      0.29
  TU93                63.00      0.18      0.09
  TU94                78.00      0.89      3.86
  TU95               141.00      0.40      0.39
  TU96                 0.00      0.00      0.00
  TU97                 0.00      0.00      0.00
  TU98                 0.00      0.00      0.00
  TU99               141.00      0.31      0.21
  TU4000              64.00      0.84      3.80
   
  Analysis ended Thu Jul  3 14:09:50 2025
