  Page 1                                    Thu Oct 31 11:23:42 2024

  ******************************************************************
  *                           E P A N E T                          *
  *                   Hydraulic and Water Quality                  *
  *                   Analysis for Pipe Networks                   *
  *                         Version 2.2                            *
  ******************************************************************
  
  Analysis begun Thu Oct 31 11:23:42 2024

   
  Node Results:
  ----------------------------------------------
                     Demand      Head  Pressure
  Node                 m3/h         m         m
  ----------------------------------------------
  3661                 0.00    428.63     50.49
  482                  0.00    428.50     82.50
  661                  0.00    428.13     98.13
  6610                 0.00    424.65     64.65
  6611                 0.00    426.64     91.64
  6612                 0.00    426.50     64.13
  6613                 0.00    425.54     70.54
  6615                 0.00    428.48     89.48
  6616                 0.00    428.20     67.20
  6617                 0.00    426.09     83.09
  6618                 0.00    428.30     80.30
  662                  0.00    428.11    100.11
  6620                 0.00    428.12    120.12
  6621                 0.00    428.12    100.12
  6622                 0.00    428.12     91.12
  6623                 0.00    428.12     77.12
  6624                 0.00    428.13     76.13
  6625                 0.00    427.77    115.77
  6626                 0.00    427.97    106.97
  6627                 0.00    428.13    107.13
  6628                 0.00    427.91     88.91
  6629                 0.00    427.91     87.91
  663                  0.00    427.64     86.64
  6630                 0.00    427.91      5.69
  6632                 0.00    427.95     87.95
  6633                 0.00    428.60     65.96
  6634                 0.00    428.65     57.65
  6635                 0.00    428.55     76.55
  6636                 0.00    428.55     72.55
  6637                 0.00    428.50     61.50
  6639                 0.00    425.79     65.79
  664                  0.00    427.34     79.34
  6640                 0.00    425.43     65.43
  6641                 0.00    426.06     67.38
  6642                 0.00    425.96     69.96
  6643                 0.00    426.97     74.97
  6644                 0.00    427.12     75.12
  6645                 0.00    427.19     77.19
  6646                 0.00    427.31     80.29
  6648                 0.00    427.31     81.30
  6649                 0.00    426.85     87.85
  665                  0.00    427.18     82.18
  666                  0.00    427.91     87.91
  6665                 0.00    428.38     63.24
  6666                 0.00    428.45     60.79
  667                  0.00    427.10     75.10
  668                  0.00    428.13     98.13
  669                  0.00    427.91     82.91
  1                   62.00    428.36     98.36
  10                   0.00    426.97     74.97
  100                148.00    425.91     70.91
  100B                76.00    425.01     67.01
  101                152.00    424.89     71.89
  103                 47.00    426.33     87.33
  104                  0.00    426.33     87.33
  105                  0.00    425.54     70.54
  106                  0.00    425.54     70.54
  107                  0.00    428.48     89.48
  108                  0.00    428.48     92.92
  109                  0.00    428.48     91.48
  11B                116.00    427.10     84.10
  110                  0.00    428.25     82.25
  111                  0.00    428.06     90.08
  112                  0.00    428.16     86.16
  113                  0.00    427.79    104.79
  114                  0.00    427.07     79.07
  115                 58.00    426.44     80.44
  116                  0.00    426.79     81.79
  117                 71.00    426.01     83.01
  118                 65.00    425.32     86.32
  119                  0.00    425.32    102.51
  12                 144.00    426.84     96.50
  121                 64.00    427.38     77.38
  122                 45.00    424.90     77.90
  123                  0.00    426.52     80.52
  125                  0.00    427.35     76.35
  126                 67.00    427.24     79.24
  127                  0.00    427.24     83.91
  128                  0.00    428.19     66.19
  129                  0.00    428.14     72.14
  130                  0.00    428.13     87.05
  130B                69.00    428.13     75.13
  132                  0.00    428.13     95.13
  134                  0.00    428.13    107.13
  135                  0.00    428.13    112.13
  137                  0.00    428.13    119.13
  139                  0.00    428.13     68.13
  14                  81.00    426.58     88.58
  140                  0.00    428.13     77.13
  141                  0.00    428.13     76.13
  142                  0.00    428.13     67.13
  143                  0.00    428.13     87.16
  144                 93.00    428.15     69.15
  146                  0.00    428.05     82.05
  147                  0.00    427.97    106.97
  148                  0.00    428.04     95.04
  149                  0.00    427.77    114.56
  15                   0.00    426.64     91.64
  150                101.00    427.53    119.46
  151                  0.00    427.53    122.29
  152                  0.00    427.53    117.51
  153                  0.00    427.53    117.53
  154                  0.00    428.12    103.12
  157                  0.00    428.12    125.12
  158A                 0.00    428.12    107.12
  158B                 0.00    428.12    107.12
  16B                112.00    426.64     92.64
  160                 51.00    428.49     61.49
  162                  0.00    428.47     60.47
  163                  0.00    428.45     54.45
  164                 49.00    428.39     68.73
  165                  0.00    428.38     67.08
  166                  0.00    428.38     67.37
  167                  0.00    428.38     57.74
  169                 60.00    428.28     61.78
  17A                  0.00    426.64     91.64
  170                103.00    428.52     69.52
  17B                  0.00    426.64     91.64
  171                  0.00    428.55     76.55
  172                  0.00    428.55     88.55
  18B                  0.00    426.64    101.64
  19                   0.00    428.60     70.60
  2                    0.00    428.17    102.17
  20                  50.00    428.63     64.63
  2002                 0.00    427.91     77.91
  2003                 0.00    427.91     77.91
  21                  66.00    428.59     65.86
  22                   0.00    428.59     66.99
  222                 66.00    428.52     78.52
  24                   0.00    428.48     84.48
  25                   0.00    428.42     83.42
  26                   0.00    428.30     80.30
  27                   0.00    428.36     78.36
  28                   0.00    428.32     80.32
  29                  54.00    428.21     72.21
  3                    0.00    427.91     87.56
  30                   0.00    428.20     67.20
  3002                 0.00    428.63     42.63
  3004                 0.00    428.63     42.63
  3005                 0.00    428.63     42.63
  3008                 0.00    428.63     43.63
  3012                 0.00    428.63     57.90
  3013                 0.00    428.63     63.70
  3016                 0.00    428.66     63.66
  3017               144.00    428.76     46.76
  3018                 0.00    428.58     51.58
  3019                 0.00    428.63     59.24
  3020                 0.00    428.63     60.52
  3024                 0.00    428.63     63.69
  31                   0.00    428.15     70.36
  3152                 0.00    428.63     62.43
  32                   0.00    428.17     70.17
  34                  70.00    427.95     76.93
  35                   0.00    428.12     91.12
  36                   0.00    428.12    100.12
  39                   0.00    428.12    115.12
  41                   0.00    428.12    121.12
  46                 191.00    428.58     52.58
  47                   0.00    428.38     70.20
  48                   0.00    428.50     84.50
  49                   0.00    428.50     76.50
  5                    0.00    427.77     80.77
  52                   0.00    428.50     77.50
  53                 152.00    425.15     69.15
  54                   0.00    428.52     83.52
  55                   0.00    428.36     98.36
  56                   0.00    428.36     94.36
  58                   0.00    428.36     95.36
  59                   0.00    428.36     99.36
  6                   60.00    426.91     74.91
  60                   0.00    427.91     82.91
  61                   0.00    427.91     88.91
  62                 105.00    422.80     68.80
  64                   0.00    428.04     97.04
  65                  88.00    427.56     87.56
  66                  76.00    427.94     88.94
  67                 123.00    427.91     95.91
  68                   0.00    427.91     88.91
  69                   0.00    427.91     76.91
  7                   59.00    427.45     74.45
  70                   0.00    427.91     87.91
  71                   0.00    427.91     90.91
  72                  76.00    426.89     70.89
  73                   0.00    426.94     71.94
  77                   0.00    426.89     70.89
  78                   0.00    426.89     86.75
  79                  64.00    427.45     74.45
  8                    0.00    427.19     77.19
  80                  93.00    427.31     78.31
  81                   0.00    427.31     68.31
  82                   0.00    427.31     69.31
  85                   0.00    427.91     88.91
  86                   0.00    427.91     90.91
  87                   0.00    426.63     66.63
  88                   0.00    426.50     73.50
  89                   0.00    426.21     59.21
  90                   0.00    425.96     69.96
  91                   0.00    425.79     53.79
  92                   0.00    424.65     64.65
  91B                188.00    424.28     64.28
  94                   0.00    426.85     87.85
  95                   0.00    426.12     83.12
  97                   0.00    425.63     94.63
  99                 144.00    423.61     73.61
  74                  74.00    424.86     66.15
  1074                 0.00    426.91     68.91
  11A                142.00    425.40     82.40
  1011                 0.00    425.63     82.63
  0                -3919.00    429.00      0.00  Reservoir
   
   
  Link Results:
  ----------------------------------------------
                       Flow  Velocity  Headloss
  Link                 m3/h       m/s    /1000m
  ----------------------------------------------
  TU1                 -0.00      0.00      0.00
  TU10                 0.00      0.00      0.00
  TU100              123.00      0.27      0.17
  TU101              199.00      0.28      0.14
  TU102               88.00      1.57     14.12
  TU103              287.00      0.41      0.26
  TU104              287.00      0.41      0.26
  TU105             1881.00      0.82      0.48
  TU106             1881.00      0.82      0.48
  TU107                0.00      0.00      0.00
  TU108             1881.00      0.82      0.48
  TU109             2168.00      0.95      0.62
  TU11               152.00      0.70      1.42
  TU110             2168.00      0.95      0.62
  TU111                0.00      0.00      0.00
  TU112               -0.00      0.00      0.00
  TU113                0.00      0.00      0.00
  TU114                0.00      0.00      0.00
  TU115             2230.00      0.79      0.39
  TU116             2230.00      0.79      0.39
  TU117              152.00      1.64     11.42
  TU118                0.00      0.00      0.00
  TU119             2230.00      0.79      0.39
  TU12                 0.00      0.00      0.00
  TU120             2382.00      0.84      0.44
  TU121                0.00      0.00      0.00
  TU122                0.00      0.00      0.00
  TU123                0.00      0.00      0.00
  TU124                0.00      0.00      0.00
  TU125               -0.00      0.00      0.00
  TU126               -0.00      0.00      0.00
  TU127               -0.00      0.00      0.00
  TU128                0.00      0.00      0.00
  TU129                0.00      0.00      0.00
  TU13                47.00      0.34      0.53
  TU130               -0.00      0.00      0.00
  TU131               -0.00      0.00      0.00
  TU132               60.00      0.26      0.24
  TU133               60.00      0.26      0.23
  TU134              188.00      2.03     16.91
  TU135              109.00      0.24      0.13
  TU136              160.00      0.35      0.27
  TU137              160.00      0.23      0.09
  TU138              263.00      0.37      0.23
  TU139              263.00      0.26      0.09
  TU14               280.00      0.62      0.74
  TU140              454.00      0.45      0.25
  TU141              105.00      1.77     17.05
  TU142              181.00      0.49      0.54
  TU143               -0.00      0.00      0.00
  TU144               76.00      0.82      3.21
  TU145              188.00      1.30      5.72
  TU146              264.00      1.15      3.45
  TU147              264.00      0.71      1.08
  TU148               -0.00      0.00      0.00
  TU149              148.00      1.02      3.69
  TU15                -0.00      0.00      0.00
  TU150              148.00      1.02      3.69
  TU151              412.00      0.58      0.51
  TU152              144.00      1.64     11.85
  TU15301            630.00      0.89      1.11
  TU15302            556.00      0.79      0.88
  TU1074              74.00      0.97      4.94
  TU154              630.00      0.62      0.46
  TU155                0.00      0.00      0.00
  TU156              630.00      0.62      0.46
  TU157              811.00      0.80      0.73
  TU158               60.00      1.07      7.01
  TU159              871.00      0.86      0.83
  TU16              3919.00      0.71      0.22
  TU160                0.00      0.00      0.00
  TU161              871.00      0.86      0.83
  TU162             1010.00      0.73      0.52
  TU163              887.00      0.64      0.41
  TU164              951.00      0.69      0.46
  TU166               -0.00      0.00      0.00
  TU167               -0.00      0.00      0.00
  TU168                0.00      0.00      0.00
  TU169                0.00      0.00      0.00
  TU17                -0.00      0.00      0.00
  TU170               93.00      0.43      0.58
  TU171              794.00      0.57      0.33
  TU17201            142.00      1.87     16.30
  TU17202              0.00      0.00      0.00
  TU1011A            142.00      1.87     16.30
  TU173              142.00      1.04      3.90
  TU174               -0.00      0.00      0.00
  TU175              142.00      0.65      1.25
  TU176              536.00      0.53      0.34
  TU177              652.00      0.64      0.49
  TU178              392.00      0.39      0.19
  TU179                0.00      0.00      0.00
  TU18                 0.00      0.00      0.00
  TU180               -0.00      0.00      0.00
  TU181                0.00      0.00      0.00
  TU182                0.00      0.00      0.00
  TU183                0.00      0.00      0.00
  TU184                0.00      0.00      0.00
  TU185              370.00      0.82      1.24
  TU186              109.00      0.29      0.22
  TU187              109.00      0.24      0.13
  TU188              757.00      0.55      0.30
  TU189              757.00      0.55      0.30
  TU19                 0.00      0.00      0.00
  TU190               -0.00      0.00      0.00
  TU191               -0.00      0.00      0.00
  TU192                0.00      0.00      0.00
  TU193                0.00      0.00      0.00
  TU194               -0.00      0.00      0.00
  TU195                0.00      0.00      0.00
  TU196                0.00      0.00      0.00
  TU197                0.00      0.00      0.00
  TU198                0.00      0.00      0.00
  TU199                0.00      0.00      0.00
  TU2                  0.00      0.00      0.00
  TU20                 0.00      0.00      0.00
  TU200               -0.00      0.00      0.00
  TU201                0.00      0.00      0.00
  TU203                0.00      0.00      0.00
  TU204              939.00      0.41      0.13
  TU205              939.00      0.41      0.13
  TU21                -0.00      0.00      0.00
  TU22               757.00      0.42      0.16
  TU23               823.00      0.45      0.19
  TU24               823.00      0.45      0.19
  TU25               889.00      0.49      0.21
  TU26               333.00      0.33      0.14
  TU27               333.00      0.33      0.14
  TU28               387.00      0.38      0.19
  TU29               387.00      0.38      0.19
  TU3                  0.00      0.00      0.00
  TU30                 0.00      0.00      0.00
  TU31                65.00      0.74      2.77
  TU32                71.00      0.81      3.25
  TU33               136.00      0.62      1.16
  TU34               194.00      0.89      2.22
  TU35                45.00      0.80      4.16
  TU36                45.00      0.51      1.43
  TU37               239.00      0.68      1.02
  TU38               239.00      0.68      1.02
  TU39                -0.00      0.00      0.00
  TU4                556.00      0.79      0.88
  TU40                67.00      0.49      1.00
  TU41               306.00      0.68      0.87
  TU42                 0.00      0.00      0.00
  TU43               370.00      0.52      0.42
  TU44               370.00      0.52      0.42
  TU45               370.00      0.52      0.42
  TU46               370.00      0.52      0.42
  TU47                -0.00      0.00      0.00
  TU48                 0.00      0.00      0.00
  TU49                 0.00      0.00      0.00
  TU5                556.00      0.79      0.88
  TU50                 0.00      0.00      0.00
  TU51                 0.00      0.00      0.00
  TU52                 0.00      0.00      0.00
  TU53                 0.00      0.00      0.00
  TU54                 0.00      0.00      0.00
  TU55                 0.00      0.00      0.00
  TU56                -0.00      0.00      0.00
  TU57                 0.00      0.00      0.00
  TU58                70.00      1.25      9.29
  TU59                70.00      0.20      0.11
  TU6                370.00      0.52      0.42
  TU60                -0.00      0.00      0.00
  TU61                 0.00      0.00      0.00
  TU62               101.00      0.54      0.97
  TU63                 0.00      0.00      0.00
  TU64               101.00      0.54      0.97
  TU65                 0.00      0.00      0.00
  TU66               101.00      0.33      0.31
  TU67               101.00      0.29      0.21
  TU68               101.00      0.29      0.21
  TU69               171.00      0.24      0.10
  TU7                  0.00      0.00      0.00
  TU70               171.00      0.24      0.10
  TU71               171.00      0.24      0.10
  TU72                 0.00      0.00      0.00
  TU73                 0.00      0.00      0.00
  TU74                69.00      0.15      0.06
  TU75                69.00      0.15      0.06
  TU76               162.00      0.36      0.28
  TU77               162.00      0.36      0.28
  TU78                 0.00      0.00      0.00
  TU79                 0.00      0.00      0.00
  TU8                152.00      1.64     11.42
  TU80                 0.00      0.00      0.00
  TU81                 0.00      0.00      0.00
  TU82                 0.00      0.00      0.00
  TU83                 0.00      0.00      0.00
  TU84                 0.00      0.00      0.00
  TU85                 0.00      0.00      0.00
  TU86                 0.00      0.00      0.00
  TU87                 0.00      0.00      0.00
  TU88                 0.00      0.00      0.00
  TU89                 0.00      0.00      0.00
  TU9                  0.00      0.00      0.00
  TU90                 0.00      0.00      0.00
  TU91                -0.00      0.00      0.00
  TU92                -0.00      0.00      0.00
  TU93                 0.00      0.00      0.00
  TU94                 0.00      0.00      0.00
  TU95                 0.00      0.00      0.00
  TU96                 0.00      0.00      0.00
  TU97                 0.00      0.00      0.00
  TU98                 0.00      0.00      0.00
  TU99                 0.00      0.00      0.00
  TU4000               0.00      0.00      0.00
   
  Analysis ended Thu Oct 31 11:23:42 2024
